Archive member included to satisfy reference by file (symbol)

C:/Users/dangm/STM32CubeIDE_1.13.2/STM32CubeIDE/plugins/com.st.stm32cube.ide.mcu.externaltools.gnu-tools-for-stm32.13.3.rel1.win32_1.0.0.202411081344/tools/bin/../lib/gcc/arm-none-eabi/13.3.1/../../../../arm-none-eabi/lib/thumb/v7-m/nofp\libc_nano.a(libc_a-exit.o)
                              C:/Users/dangm/STM32CubeIDE_1.13.2/STM32CubeIDE/plugins/com.st.stm32cube.ide.mcu.externaltools.gnu-tools-for-stm32.13.3.rel1.win32_1.0.0.202411081344/tools/bin/../lib/gcc/arm-none-eabi/13.3.1/../../../../arm-none-eabi/lib/thumb/v7-m/nofp/crt0.o (exit)
C:/Users/dangm/STM32CubeIDE_1.13.2/STM32CubeIDE/plugins/com.st.stm32cube.ide.mcu.externaltools.gnu-tools-for-stm32.13.3.rel1.win32_1.0.0.202411081344/tools/bin/../lib/gcc/arm-none-eabi/13.3.1/../../../../arm-none-eabi/lib/thumb/v7-m/nofp\libc_nano.a(libc_a-findfp.o)
                              C:/Users/dangm/STM32CubeIDE_1.13.2/STM32CubeIDE/plugins/com.st.stm32cube.ide.mcu.externaltools.gnu-tools-for-stm32.13.3.rel1.win32_1.0.0.202411081344/tools/bin/../lib/gcc/arm-none-eabi/13.3.1/../../../../arm-none-eabi/lib/thumb/v7-m/nofp\libc_nano.a(libc_a-exit.o) (__stdio_exit_handler)
C:/Users/dangm/STM32CubeIDE_1.13.2/STM32CubeIDE/plugins/com.st.stm32cube.ide.mcu.externaltools.gnu-tools-for-stm32.13.3.rel1.win32_1.0.0.202411081344/tools/bin/../lib/gcc/arm-none-eabi/13.3.1/../../../../arm-none-eabi/lib/thumb/v7-m/nofp\libc_nano.a(libc_a-fwalk.o)
                              C:/Users/dangm/STM32CubeIDE_1.13.2/STM32CubeIDE/plugins/com.st.stm32cube.ide.mcu.externaltools.gnu-tools-for-stm32.13.3.rel1.win32_1.0.0.202411081344/tools/bin/../lib/gcc/arm-none-eabi/13.3.1/../../../../arm-none-eabi/lib/thumb/v7-m/nofp\libc_nano.a(libc_a-findfp.o) (_fwalk_sglue)
C:/Users/dangm/STM32CubeIDE_1.13.2/STM32CubeIDE/plugins/com.st.stm32cube.ide.mcu.externaltools.gnu-tools-for-stm32.13.3.rel1.win32_1.0.0.202411081344/tools/bin/../lib/gcc/arm-none-eabi/13.3.1/../../../../arm-none-eabi/lib/thumb/v7-m/nofp\libc_nano.a(libc_a-stdio.o)
                              C:/Users/dangm/STM32CubeIDE_1.13.2/STM32CubeIDE/plugins/com.st.stm32cube.ide.mcu.externaltools.gnu-tools-for-stm32.13.3.rel1.win32_1.0.0.202411081344/tools/bin/../lib/gcc/arm-none-eabi/13.3.1/../../../../arm-none-eabi/lib/thumb/v7-m/nofp\libc_nano.a(libc_a-findfp.o) (__sread)
C:/Users/dangm/STM32CubeIDE_1.13.2/STM32CubeIDE/plugins/com.st.stm32cube.ide.mcu.externaltools.gnu-tools-for-stm32.13.3.rel1.win32_1.0.0.202411081344/tools/bin/../lib/gcc/arm-none-eabi/13.3.1/../../../../arm-none-eabi/lib/thumb/v7-m/nofp\libc_nano.a(libc_a-memset.o)
                              C:/Users/dangm/STM32CubeIDE_1.13.2/STM32CubeIDE/plugins/com.st.stm32cube.ide.mcu.externaltools.gnu-tools-for-stm32.13.3.rel1.win32_1.0.0.202411081344/tools/bin/../lib/gcc/arm-none-eabi/13.3.1/../../../../arm-none-eabi/lib/thumb/v7-m/nofp/crt0.o (memset)
C:/Users/dangm/STM32CubeIDE_1.13.2/STM32CubeIDE/plugins/com.st.stm32cube.ide.mcu.externaltools.gnu-tools-for-stm32.13.3.rel1.win32_1.0.0.202411081344/tools/bin/../lib/gcc/arm-none-eabi/13.3.1/../../../../arm-none-eabi/lib/thumb/v7-m/nofp\libc_nano.a(libc_a-closer.o)
                              C:/Users/dangm/STM32CubeIDE_1.13.2/STM32CubeIDE/plugins/com.st.stm32cube.ide.mcu.externaltools.gnu-tools-for-stm32.13.3.rel1.win32_1.0.0.202411081344/tools/bin/../lib/gcc/arm-none-eabi/13.3.1/../../../../arm-none-eabi/lib/thumb/v7-m/nofp\libc_nano.a(libc_a-stdio.o) (_close_r)
C:/Users/dangm/STM32CubeIDE_1.13.2/STM32CubeIDE/plugins/com.st.stm32cube.ide.mcu.externaltools.gnu-tools-for-stm32.13.3.rel1.win32_1.0.0.202411081344/tools/bin/../lib/gcc/arm-none-eabi/13.3.1/../../../../arm-none-eabi/lib/thumb/v7-m/nofp\libc_nano.a(libc_a-reent.o)
                              C:/Users/dangm/STM32CubeIDE_1.13.2/STM32CubeIDE/plugins/com.st.stm32cube.ide.mcu.externaltools.gnu-tools-for-stm32.13.3.rel1.win32_1.0.0.202411081344/tools/bin/../lib/gcc/arm-none-eabi/13.3.1/../../../../arm-none-eabi/lib/thumb/v7-m/nofp\libc_nano.a(libc_a-closer.o) (errno)
C:/Users/dangm/STM32CubeIDE_1.13.2/STM32CubeIDE/plugins/com.st.stm32cube.ide.mcu.externaltools.gnu-tools-for-stm32.13.3.rel1.win32_1.0.0.202411081344/tools/bin/../lib/gcc/arm-none-eabi/13.3.1/../../../../arm-none-eabi/lib/thumb/v7-m/nofp\libc_nano.a(libc_a-impure.o)
                              C:/Users/dangm/STM32CubeIDE_1.13.2/STM32CubeIDE/plugins/com.st.stm32cube.ide.mcu.externaltools.gnu-tools-for-stm32.13.3.rel1.win32_1.0.0.202411081344/tools/bin/../lib/gcc/arm-none-eabi/13.3.1/../../../../arm-none-eabi/lib/thumb/v7-m/nofp\libc_nano.a(libc_a-reent.o) (_impure_ptr)
C:/Users/dangm/STM32CubeIDE_1.13.2/STM32CubeIDE/plugins/com.st.stm32cube.ide.mcu.externaltools.gnu-tools-for-stm32.13.3.rel1.win32_1.0.0.202411081344/tools/bin/../lib/gcc/arm-none-eabi/13.3.1/../../../../arm-none-eabi/lib/thumb/v7-m/nofp\libc_nano.a(libc_a-lseekr.o)
[...]
Memory Configuration

Name             Origin             Length             Attributes
RAM              0x20000000         0x00005000         xrw
FLASH            0x08000000         0x00010000         xr
*default*        0x00000000         0xffffffff

Linker script and memory map

LOAD C:/Users/dangm/STM32CubeIDE_1.13.2/STM32CubeIDE/plugins/com.st.stm32cube.ide.mcu.externaltools.gnu-tools-for-stm32.13.3.rel1.win32_1.0.0.202411081344/tools/bin/../lib/gcc/arm-none-eabi/13.3.1/thumb/v7-m/nofp/crti.o
LOAD C:/Users/dangm/STM32CubeIDE_1.13.2/STM32CubeIDE/plugins/com.st.stm32cube.ide.mcu.externaltools.gnu-tools-for-stm32.13.3.rel1.win32_1.0.0.202411081344/tools/bin/../lib/gcc/arm-none-eabi/13.3.1/thumb/v7-m/nofp/crtbegin.o
LOAD C:/Users/dangm/STM32CubeIDE_1.13.2/STM32CubeIDE/plugins/com.st.stm32cube.ide.mcu.externaltools.gnu-tools-for-stm32.13.3.rel1.win32_1.0.0.202411081344/tools/bin/../lib/gcc/arm-none-eabi/13.3.1/../../../../arm-none-eabi/lib/thumb/v7-m/nofp/crt0.o
LOAD ./Core/Src/freertos.o
LOAD ./Core/Src/mainMutexExam.o
LOAD ./Core/Src/stm32f1xx_hal_msp.o
LOAD ./Core/Src/stm32f1xx_it.o
LOAD ./Core/Src/syscalls.o
LOAD ./Core/Src/sysmem.o
LOAD ./Core/Src/system_stm32f1xx.o
LOAD ./Core/Startup/startup_stm32f103c8tx.o
LOAD ./Core/__Driver_Layer/GPIO/Gpio_Config.o
LOAD ./Core/__Driver_Layer/GPIO/My_Gpio.o
LOAD ./Drivers/STM32F1xx_HAL_Driver/Src/stm32f1xx_hal.o
LOAD ./Drivers/STM32F1xx_HAL_Driver/Src/stm32f1xx_hal_cortex.o
LOAD ./Drivers/STM32F1xx_HAL_Driver/Src/stm32f1xx_hal_dma.o
LOAD ./Drivers/STM32F1xx_HAL_Driver/Src/stm32f1xx_hal_exti.o
LOAD ./Drivers/STM32F1xx_HAL_Driver/Src/stm32f1xx_hal_flash.o
LOAD ./Drivers/STM32F1xx_HAL_Driver/Src/stm32f1xx_hal_flash_ex.o
LOAD ./Drivers/STM32F1xx_HAL_Driver/Src/stm32f1xx_hal_gpio.o
LOAD ./Drivers/STM32F1xx_HAL_Driver/Src/stm32f1xx_hal_gpio_ex.o
LOAD ./Drivers/STM32F1xx_HAL_Driver/Src/stm32f1xx_hal_pwr.o
LOAD ./Drivers/STM32F1xx_HAL_Driver/Src/stm32f1xx_hal_rcc.o
LOAD ./Drivers/STM32F1xx_HAL_Driver/Src/stm32f1xx_hal_rcc_ex.o
LOAD ./Middlewares/Third_Party/FreeRTOS/Source/CMSIS_RTOS_V2/cmsis_os2.o
LOAD ./Middlewares/Third_Party/FreeRTOS/Source/croutine.o
LOAD ./Middlewares/Third_Party/FreeRTOS/Source/event_groups.o
LOAD ./Middlewares/Third_Party/FreeRTOS/Source/list.o
LOAD ./Middlewares/Third_Party/FreeRTOS/Source/queue.o
LOAD ./Middlewares/Third_Party/FreeRTOS/Source/stream_buffer.o
LOAD ./Middlewares/Third_Party/FreeRTOS/Source/tasks.o
LOAD ./Middlewares/Third_Party/FreeRTOS/Source/timers.o
LOAD ./Middlewares/Third_Party/FreeRTOS/Source/portable/GCC/ARM_CM3/port.o
LOAD ./Middlewares/Third_Party/FreeRTOS/Source/portable/MemMang/heap_4.o
START GROUP
LOAD C:/Users/dangm/STM32CubeIDE_1.13.2/STM32CubeIDE/plugins/com.st.stm32cube.ide.mcu.externaltools.gnu-tools-for-stm32.13.3.rel1.win32_1.0.0.202411081344/tools/bin/../lib/gcc/arm-none-eabi/13.3.1/../../../../arm-none-eabi/lib/thumb/v7-m/nofp\libc_nano.a
LOAD C:/Users/dangm/STM32CubeIDE_1.13.2/STM32CubeIDE/plugins/com.st.stm32cube.ide.mcu.externaltools.gnu-tools-for-stm32.13.3.rel1.win32_1.0.0.202411081344/tools/bin/../lib/gcc/arm-none-eabi/13.3.1/../../../../arm-none-eabi/lib/thumb/v7-m/nofp\libm.a
END GROUP
START GROUP
LOAD C:/Users/dangm/STM32CubeIDE_1.13.2/STM32CubeIDE/plugins/com.st.stm32cube.ide.mcu.externaltools.gnu-tools-for-stm32.13.3.rel1.win32_1.0.0.202411081344/tools/bin/../lib/gcc/arm-none-eabi/13.3.1/thumb/v7-m/nofp\libgcc.a
LOAD C:/Users/dangm/STM32CubeIDE_1.13.2/STM32CubeIDE/plugins/com.st.stm32cube.ide.mcu.externaltools.gnu-tools-for-stm32.13.3.rel1.win32_1.0.0.202411081344/tools/bin/../lib/gcc/arm-none-eabi/13.3.1/../../../../arm-none-eabi/lib/thumb/v7-m/nofp\libc_nano.a
END GROUP
START GROUP
LOAD C:/Users/dangm/STM32CubeIDE_1.13.2/STM32CubeIDE/plugins/com.st.stm32cube.ide.mcu.externaltools.gnu-tools-for-stm32.13.3.rel1.win32_1.0.0.202411081344/tools/bin/../lib/gcc/arm-none-eabi/13.3.1/thumb/v7-m/nofp\libgcc.a
LOAD C:/Users/dangm/STM32CubeIDE_1.13.2/STM32CubeIDE/plugins/com.st.stm32cube.ide.mcu.externaltools.gnu-tools-for-stm32.13.3.rel1.win32_1.0.0.202411081344/tools/bin/../lib/gcc/arm-none-eabi/13.3.1/../../../../arm-none-eabi/lib/thumb/v7-m/nofp\libc_nano.a
LOAD C:/Users/dangm/STM32CubeIDE_1.13.2/STM32CubeIDE/plugins/com.st.stm32cube.ide.mcu.externaltools.gnu-tools-for-stm32.13.3.rel1.win32_1.0.0.202411081344/tools/bin/../lib/gcc/arm-none-eabi/13.3.1/../../../../arm-none-eabi/lib/thumb/v7-m/nofp\libnosys.a
END GROUP
START GROUP
LOAD C:/Users/dangm/STM32CubeIDE_1.13.2/STM32CubeIDE/plugins/com.st.stm32cube.ide.mcu.externaltools.gnu-tools-for-stm32.13.3.rel1.win32_1.0.0.202411081344/tools/bin/../lib/gcc/arm-none-eabi/13.3.1/thumb/v7-m/nofp\libgcc.a
LOAD C:/Users/dangm/STM32CubeIDE_1.13.2/STM32CubeIDE/plugins/com.st.stm32cube.ide.mcu.externaltools.gnu-tools-for-stm32.13.3.rel1.win32_1.0.0.202411081344/tools/bin/../lib/gcc/arm-none-eabi/13.3.1/../../../../arm-none-eabi/lib/thumb/v7-m/nofp\libc_nano.a
LOAD C:/Users/dangm/STM32CubeIDE_1.13.2/STM32CubeIDE/plugins/com.st.stm32cube.ide.mcu.externaltools.gnu-tools-for-stm32.13.3.rel1.win32_1.0.0.202411081344/tools/bin/../lib/gcc/arm-none-eabi/13.3.1/../../../../arm-none-eabi/lib/thumb/v7-m/nofp\libnosys.a
END GROUP
LOAD C:/Users/dangm/STM32CubeIDE_1.13.2/STM32CubeIDE/plugins/com.st.stm32cube.ide.mcu.externaltools.gnu-tools-for-stm32.13.3.rel1.win32_1.0.0.202411081344/tools/bin/../lib/gcc/arm-none-eabi/13.3.1/thumb/v7-m/nofp/crtend.o
LOAD C:/Users/dangm/STM32CubeIDE_1.13.2/STM32CubeIDE/plugins/com.st.stm32cube.ide.mcu.externaltools.gnu-tools-for-stm32.13.3.rel1.win32_1.0.0.202411081344/tools/bin/../lib/gcc/arm-none-eabi/13.3.1/thumb/v7-m/nofp/crtn.o
                0x20005000                        _estack = (ORIGIN (RAM) + LENGTH (RAM))
                0x00000200                        _Min_Heap_Size = 0x200
                0x00000400                        _Min_Stack_Size = 0x400

.isr_vector     0x08000000      0x10c
                0x08000000                        . = ALIGN (0x4)
 *(.isr_vector)
 .isr_vector    0x08000000      0x10c ./Core/Startup/startup_stm32f103c8tx.o
                0x08000000                g_pfnVectors
                0x0800010c                        . = ALIGN (0x4)

.text           0x08000110     0x3f84
                0x08000110                        . = ALIGN (0x4)
 *(.text)
 .text          0x08000110       0x40 C:/Users/dangm/STM32CubeIDE_1.13.2/STM32CubeIDE/plugins/com.st.stm32cube.ide.mcu.externaltools.gnu-tools-for-stm32.13.3.rel1.win32_1.0.0.202411081344/tools/bin/../lib/gcc/arm-none-eabi/13.3.1/thumb/v7-m/nofp/crtbegin.o
 *(.text*)
 .text.main     0x08000150       0x50 ./Core/Src/mainMutexExam.o
                0x08000150                main
 .text.TaskA    0x080001a0       0x5c ./Core/Src/mainMutexExam.o
                0x080001a0                TaskA
 .text.BlinkTwice
                0x080001fc       0x3c ./Core/Src/mainMutexExam.o
 .text.stmrand  0x08000238       0x22 ./Core/Src/mainMutexExam.o
                0x08000238                stmrand
 .text.SystemClock_Config
                0x0800025a       0x76 ./Core/Src/mainMutexExam.o
 .text.MX_GPIO_Init
                0x080002d0       0xa8 ./Core/Src/mainMutexExam.o
 .text.Error_Handler
                0x08000378        0xc ./Core/Src/mainMutexExam.o
                0x08000378                Error_Handler
 .text.HAL_MspInit
                0x08000384       0x70 ./Core/Src/stm32f1xx_hal_msp.o
                0x08000384                HAL_MspInit
 .text.NMI_Handler
                0x080003f4        0x8 ./Core/Src/stm32f1xx_it.o
                0x080003f4                NMI_Handler
 .text.HardFault_Handler
                0x080003fc        0x8 ./Core/Src/stm32f1xx_it.o
                0x080003fc                HardFault_Handler
 .text.MemManage_Handler
                0x08000404        0x8 ./Core/Src/stm32f1xx_it.o
                0x08000404                MemManage_Handler
 .text.BusFault_Handler
                0x0800040c        0x8 ./Core/Src/stm32f1xx_it.o
                0x0800040c                BusFault_Handler
 .text.UsageFault_Handler
                0x08000414        0x8 ./Core/Src/stm32f1xx_it.o
                0x08000414                UsageFault_Handler
 .text.DebugMon_Handler
                0x0800041c        0xc ./Core/Src/stm32f1xx_it.o
                0x0800041c                DebugMon_Handler
 .text.SysTick_Handler
                0x08000428       0x1a ./Core/Src/stm32f1xx_it.o
                0x08000428                SysTick_Handler
 .text.SystemInit
                0x08000442        0xc ./Core/Src/system_stm32f1xx.o
                0x08000442                SystemInit
 *fill*         0x0800044e        0x2 
 .text.Reset_Handler
                0x08000450       0x48 ./Core/Startup/startup_stm32f103c8tx.o
                0x08000450                Reset_Handler
 .text.Default_Handler
                0x08000498        0x2 ./Core/Startup/startup_stm32f103c8tx.o
                0x08000498                RTC_Alarm_IRQHandler
                0x08000498                EXTI2_IRQHandler
                0x08000498                TIM1_CC_IRQHandler
                0x08000498                PVD_IRQHandler
                0x08000498                EXTI3_IRQHandler
                0x08000498                EXTI0_IRQHandler
                0x08000498                I2C2_EV_IRQHandler
                0x08000498                ADC1_2_IRQHandler
                0x08000498                SPI1_IRQHandler
                0x08000498                TAMPER_IRQHandler
                0x08000498                DMA1_Channel4_IRQHandler
                0x08000498                USART3_IRQHandler
                0x08000498                RTC_IRQHandler
                0x08000498                DMA1_Channel7_IRQHandler
                0x08000498                CAN1_RX1_IRQHandler
                0x08000498                TIM4_IRQHandler
                0x08000498                I2C1_EV_IRQHandler
                0x08000498                DMA1_Channel6_IRQHandler
                0x08000498                TIM3_IRQHandler
                0x08000498                RCC_IRQHandler
                0x08000498                TIM1_TRG_COM_IRQHandler
                0x08000498                DMA1_Channel1_IRQHandler
                0x08000498                Default_Handler
                0x08000498                EXTI15_10_IRQHandler
                0x08000498                EXTI9_5_IRQHandler
                0x08000498                SPI2_IRQHandler
                0x08000498                DMA1_Channel5_IRQHandler
                0x08000498                EXTI4_IRQHandler
                0x08000498                USB_LP_CAN1_RX0_IRQHandler
                0x08000498                USB_HP_CAN1_TX_IRQHandler
                0x08000498                DMA1_Channel3_IRQHandler
                0x08000498                TIM1_UP_IRQHandler
                0x08000498                WWDG_IRQHandler
                0x08000498                TIM2_IRQHandler
                0x08000498                TIM1_BRK_IRQHandler
                0x08000498                EXTI1_IRQHandler
                0x08000498                USART2_IRQHandler
                0x08000498                I2C2_ER_IRQHandler
                0x08000498                DMA1_Channel2_IRQHandler
                0x08000498                CAN1_SCE_IRQHandler
                0x08000498                FLASH_IRQHandler
                0x08000498                USART1_IRQHandler
                0x08000498                I2C1_ER_IRQHandler
                0x08000498                USBWakeUp_IRQHandler
 .text.Set_Pin  0x0800049a       0x20 ./Core/__Driver_Layer/GPIO/Gpio_Config.o
                0x0800049a                Set_Pin
 .text.Reset_Pin
                0x080004ba       0x20 ./Core/__Driver_Layer/GPIO/Gpio_Config.o
                0x080004ba                Reset_Pin
 *fill*         0x080004da        0x2 
 .text.GreenLed_On
                0x080004dc       0x14 ./Core/__Driver_Layer/GPIO/My_Gpio.o
                0x080004dc                GreenLed_On
 .text.GreenLed_Off
                0x080004f0       0x14 ./Core/__Driver_Layer/GPIO/My_Gpio.o
                0x080004f0                GreenLed_Off
 .text.RedLed_On
                0x08000504       0x14 ./Core/__Driver_Layer/GPIO/My_Gpio.o
                0x08000504                RedLed_On
 .text.RedLed_Off
                0x08000518       0x14 ./Core/__Driver_Layer/GPIO/My_Gpio.o
                0x08000518                RedLed_Off
 .text.HAL_Init
                0x0800052c       0x2c ./Drivers/STM32F1xx_HAL_Driver/Src/stm32f1xx_hal.o
                0x0800052c                HAL_Init
 .text.HAL_InitTick
                0x08000558       0x60 ./Drivers/STM32F1xx_HAL_Driver/Src/stm32f1xx_hal.o
                0x08000558                HAL_InitTick
 .text.HAL_IncTick
                0x080005b8       0x24 ./Drivers/STM32F1xx_HAL_Driver/Src/stm32f1xx_hal.o
                0x080005b8                HAL_IncTick
 .text.HAL_GetTick
                0x080005dc       0x14 ./Drivers/STM32F1xx_HAL_Driver/Src/stm32f1xx_hal.o
                0x080005dc                HAL_GetTick
 .text.__NVIC_SetPriorityGrouping
                0x080005f0       0x48 ./Drivers/STM32F1xx_HAL_Driver/Src/stm32f1xx_hal_cortex.o
 .text.__NVIC_GetPriorityGrouping
                0x08000638       0x1c ./Drivers/STM32F1xx_HAL_Driver/Src/stm32f1xx_hal_cortex.o
 .text.__NVIC_SetPriority
                0x08000654       0x54 ./Drivers/STM32F1xx_HAL_Driver/Src/stm32f1xx_hal_cortex.o
 .text.NVIC_EncodePriority
                0x080006a8       0x64 ./Drivers/STM32F1xx_HAL_Driver/Src/stm32f1xx_hal_cortex.o
 .text.SysTick_Config
                0x0800070c       0x44 ./Drivers/STM32F1xx_HAL_Driver/Src/stm32f1xx_hal_cortex.o
 .text.HAL_NVIC_SetPriorityGrouping
                0x08000750       0x16 ./Drivers/STM32F1xx_HAL_Driver/Src/stm32f1xx_hal_cortex.o
                0x08000750                HAL_NVIC_SetPriorityGrouping
 .text.HAL_NVIC_SetPriority
                0x08000766       0x38 ./Drivers/STM32F1xx_HAL_Driver/Src/stm32f1xx_hal_cortex.o
                0x08000766                HAL_NVIC_SetPriority
 .text.HAL_SYSTICK_Config
                0x0800079e       0x18 ./Drivers/STM32F1xx_HAL_Driver/Src/stm32f1xx_hal_cortex.o
                0x0800079e                HAL_SYSTICK_Config
 *fill*         0x080007b6        0x2 
 .text.HAL_GPIO_Init
                0x080007b8      0x308 ./Drivers/STM32F1xx_HAL_Driver/Src/stm32f1xx_hal_gpio.o
                0x080007b8                HAL_GPIO_Init
 .text.HAL_GPIO_WritePin
                0x08000ac0       0x30 ./Drivers/STM32F1xx_HAL_Driver/Src/stm32f1xx_hal_gpio.o
                0x08000ac0                HAL_GPIO_WritePin
 .text.HAL_RCC_OscConfig
                0x08000af0      0x504 ./Drivers/STM32F1xx_HAL_Driver/Src/stm32f1xx_hal_rcc.o
                0x08000af0                HAL_RCC_OscConfig
 .text.HAL_RCC_ClockConfig
                0x08000ff4      0x1d4 ./Drivers/STM32F1xx_HAL_Driver/Src/stm32f1xx_hal_rcc.o
                0x08000ff4                HAL_RCC_ClockConfig
 .text.HAL_RCC_GetSysClockFreq
                0x080011c8       0xa8 ./Drivers/STM32F1xx_HAL_Driver/Src/stm32f1xx_hal_rcc.o
                0x080011c8                HAL_RCC_GetSysClockFreq
 .text.RCC_Delay
                0x08001270       0x3c ./Drivers/STM32F1xx_HAL_Driver/Src/stm32f1xx_hal_rcc.o
 .text.vApplicationGetIdleTaskMemory
                0x080012ac       0x30 ./Middlewares/Third_Party/FreeRTOS/Source/CMSIS_RTOS_V2/cmsis_os2.o
                0x080012ac                vApplicationGetIdleTaskMemory
 .text.vApplicationGetTimerTaskMemory
                0x080012dc       0x34 ./Middlewares/Third_Party/FreeRTOS/Source/CMSIS_RTOS_V2/cmsis_os2.o
                0x080012dc                vApplicationGetTimerTaskMemory
 .text.vListInitialise
                0x08001310       0x3e ./Middlewares/Third_Party/FreeRTOS/Source/list.o
                0x08001310                vListInitialise
 .text.vListInitialiseItem
                0x0800134e       0x18 ./Middlewares/Third_Party/FreeRTOS/Source/list.o
                0x0800134e                vListInitialiseItem
 .text.vListInsertEnd
                0x08001366       0x46 ./Middlewares/Third_Party/FreeRTOS/Source/list.o
                0x08001366                vListInsertEnd
 .text.vListInsert
                0x080013ac       0x70 ./Middlewares/Third_Party/FreeRTOS/Source/list.o
                0x080013ac                vListInsert
 .text.uxListRemove
                0x0800141c       0x52 ./Middlewares/Third_Party/FreeRTOS/Source/list.o
                0x0800141c                uxListRemove
 *fill*         0x0800146e        0x2 
 .text.xQueueGenericReset
                0x08001470       0xd4 ./Middlewares/Third_Party/FreeRTOS/Source/queue.o
                0x08001470                xQueueGenericReset
 .text.xQueueGenericCreateStatic
                0x08001544       0xfa ./Middlewares/Third_Party/FreeRTOS/Source/queue.o
                0x08001544                xQueueGenericCreateStatic
 .text.xQueueGenericCreate
                0x0800163e       0x76 ./Middlewares/Third_Party/FreeRTOS/Source/queue.o
                0x0800163e                xQueueGenericCreate
 .text.prvInitialiseNewQueue
                0x080016b4       0x46 ./Middlewares/Third_Party/FreeRTOS/Source/queue.o
 .text.prvInitialiseMutex
                0x080016fa       0x34 ./Middlewares/Third_Party/FreeRTOS/Source/queue.o
 .text.xQueueCreateMutex
                0x0800172e       0x30 ./Middlewares/Third_Party/FreeRTOS/Source/queue.o
                0x0800172e                xQueueCreateMutex
 *fill*         0x0800175e        0x2 
 .text.xQueueGenericSend
                0x08001760      0x204 ./Middlewares/Third_Party/FreeRTOS/Source/queue.o
                0x08001760                xQueueGenericSend
 .text.xQueueGenericSendFromISR
                0x08001964      0x13c ./Middlewares/Third_Party/FreeRTOS/Source/queue.o
                0x08001964                xQueueGenericSendFromISR
 .text.xQueueReceive
                0x08001aa0      0x1c4 ./Middlewares/Third_Party/FreeRTOS/Source/queue.o
                0x08001aa0                xQueueReceive
 .text.xQueueSemaphoreTake
                0x08001c64      0x220 ./Middlewares/Third_Party/FreeRTOS/Source/queue.o
                0x08001c64                xQueueSemaphoreTake
 .text.prvGetDisinheritPriorityAfterTimeout
                0x08001e84       0x2e ./Middlewares/Third_Party/FreeRTOS/Source/queue.o
 .text.prvCopyDataToQueue
                0x08001eb2       0xd4 ./Middlewares/Third_Party/FreeRTOS/Source/queue.o
 .text.prvCopyDataFromQueue
                0x08001f86       0x4c ./Middlewares/Third_Party/FreeRTOS/Source/queue.o
 .text.prvUnlockQueue
                0x08001fd2       0xa4 ./Middlewares/Third_Party/FreeRTOS/Source/queue.o
 .text.prvIsQueueEmpty
                0x08002076       0x2c ./Middlewares/Third_Party/FreeRTOS/Source/queue.o
 .text.prvIsQueueFull
                0x080020a2       0x30 ./Middlewares/Third_Party/FreeRTOS/Source/queue.o
 *fill*         0x080020d2        0x2 
 .text.vQueueAddToRegistry
                0x080020d4       0x50 ./Middlewares/Third_Party/FreeRTOS/Source/queue.o
                0x080020d4                vQueueAddToRegistry
 .text.vQueueWaitForMessageRestricted
                0x08002124       0x68 ./Middlewares/Third_Party/FreeRTOS/Source/queue.o
                0x08002124                vQueueWaitForMessageRestricted
 .text.xTaskCreateStatic
                0x0800218c       0xc0 ./Middlewares/Third_Party/FreeRTOS/Source/tasks.o
                0x0800218c                xTaskCreateStatic
 .text.xTaskCreate
                0x0800224c       0x8a ./Middlewares/Third_Party/FreeRTOS/Source/tasks.o
                0x0800224c                xTaskCreate
 .text.prvInitialiseNewTask
                0x080022d6      0x120 ./Middlewares/Third_Party/FreeRTOS/Source/tasks.o
 *fill*         0x080023f6        0x2 
 .text.prvAddNewTaskToReadyList
                0x080023f8       0xe0 ./Middlewares/Third_Party/FreeRTOS/Source/tasks.o
 .text.vTaskDelay
                0x080024d8       0x6c ./Middlewares/Third_Party/FreeRTOS/Source/tasks.o
                0x080024d8                vTaskDelay
 .text.vTaskStartScheduler
                0x08002544       0xd0 ./Middlewares/Third_Party/FreeRTOS/Source/tasks.o
                0x08002544                vTaskStartScheduler
 .text.vTaskSuspendAll
                0x08002614       0x1c ./Middlewares/Third_Party/FreeRTOS/Source/tasks.o
                0x08002614                vTaskSuspendAll
 .text.xTaskResumeAll
                0x08002630      0x13c ./Middlewares/Third_Party/FreeRTOS/Source/tasks.o
                0x08002630                xTaskResumeAll
 .text.xTaskGetTickCount
                0x0800276c       0x1c ./Middlewares/Third_Party/FreeRTOS/Source/tasks.o
                0x0800276c                xTaskGetTickCount
 .text.xTaskIncrementTick
                0x08002788      0x174 ./Middlewares/Third_Party/FreeRTOS/Source/tasks.o
                0x08002788                xTaskIncrementTick
 .text.vTaskSwitchContext
                0x080028fc       0xbc ./Middlewares/Third_Party/FreeRTOS/Source/tasks.o
                0x080028fc                vTaskSwitchContext
 .text.vTaskPlaceOnEventList
                0x080029b8       0x4c ./Middlewares/Third_Party/FreeRTOS/Source/tasks.o
                0x080029b8                vTaskPlaceOnEventList
 .text.vTaskPlaceOnEventListRestricted
                0x08002a04       0x58 ./Middlewares/Third_Party/FreeRTOS/Source/tasks.o
                0x08002a04                vTaskPlaceOnEventListRestricted
 .text.xTaskRemoveFromEventList
                0x08002a5c       0xc8 ./Middlewares/Third_Party/FreeRTOS/Source/tasks.o
                0x08002a5c                xTaskRemoveFromEventList
 .text.vTaskInternalSetTimeOutState
                0x08002b24       0x2c ./Middlewares/Third_Party/FreeRTOS/Source/tasks.o
                0x08002b24                vTaskInternalSetTimeOutState
 .text.xTaskCheckForTimeOut
                0x08002b50       0xc8 ./Middlewares/Third_Party/FreeRTOS/Source/tasks.o
                0x08002b50                xTaskCheckForTimeOut
 .text.vTaskMissedYield
                0x08002c18       0x18 ./Middlewares/Third_Party/FreeRTOS/Source/tasks.o
                0x08002c18                vTaskMissedYield
 .text.prvIdleTask
                0x08002c30       0x30 ./Middlewares/Third_Party/FreeRTOS/Source/tasks.o
 .text.prvInitialiseTaskLists
                0x08002c60       0x80 ./Middlewares/Third_Party/FreeRTOS/Source/tasks.o
 .text.prvCheckTasksWaitingTermination
                0x08002ce0       0x5c ./Middlewares/Third_Party/FreeRTOS/Source/tasks.o
 .text.prvDeleteTCB
                0x08002d3c       0x60 ./Middlewares/Third_Party/FreeRTOS/Source/tasks.o
 .text.prvResetNextTaskUnblockTime
                0x08002d9c       0x40 ./Middlewares/Third_Party/FreeRTOS/Source/tasks.o
 .text.xTaskGetSchedulerState
                0x08002ddc       0x3c ./Middlewares/Third_Party/FreeRTOS/Source/tasks.o
                0x08002ddc                xTaskGetSchedulerState
 .text.xTaskPriorityInherit
                0x08002e18       0xd0 ./Middlewares/Third_Party/FreeRTOS/Source/tasks.o
                0x08002e18                xTaskPriorityInherit
 .text.xTaskPriorityDisinherit
                0x08002ee8       0xe0 ./Middlewares/Third_Party/FreeRTOS/Source/tasks.o
                0x08002ee8                xTaskPriorityDisinherit
 .text.vTaskPriorityDisinheritAfterTimeout
                0x08002fc8      0x108 ./Middlewares/Third_Party/FreeRTOS/Source/tasks.o
                0x08002fc8                vTaskPriorityDisinheritAfterTimeout
 .text.pvTaskIncrementMutexHeldCount
                0x080030d0       0x28 ./Middlewares/Third_Party/FreeRTOS/Source/tasks.o
                0x080030d0                pvTaskIncrementMutexHeldCount
 .text.prvAddCurrentTaskToDelayedList
                0x080030f8       0xa8 ./Middlewares/Third_Party/FreeRTOS/Source/tasks.o
 .text.xTimerCreateTimerTask
                0x080031a0       0x94 ./Middlewares/Third_Party/FreeRTOS/Source/timers.o
                0x080031a0                xTimerCreateTimerTask
 .text.xTimerGenericCommand
                0x08003234       0x9c ./Middlewares/Third_Party/FreeRTOS/Source/timers.o
                0x08003234                xTimerGenericCommand
 .text.prvProcessExpiredTimer
                0x080032d0       0x9c ./Middlewares/Third_Party/FreeRTOS/Source/timers.o
 .text.prvTimerTask
                0x0800336c       0x26 ./Middlewares/Third_Party/FreeRTOS/Source/timers.o
 *fill*         0x08003392        0x2 
 .text.prvProcessTimerOrBlockTask
                0x08003394       0x9c ./Middlewares/Third_Party/FreeRTOS/Source/timers.o
 .text.prvGetNextExpireTime
                0x08003430       0x44 ./Middlewares/Third_Party/FreeRTOS/Source/timers.o
 .text.prvSampleTimeNow
                0x08003474       0x40 ./Middlewares/Third_Party/FreeRTOS/Source/timers.o
 .text.prvInsertTimerInActiveList
                0x080034b4       0x84 ./Middlewares/Third_Party/FreeRTOS/Source/timers.o
 .text.prvProcessReceivedCommands
                0x08003538      0x1cc ./Middlewares/Third_Party/FreeRTOS/Source/timers.o
 .text.prvSwitchTimerLists
                0x08003704       0xcc ./Middlewares/Third_Party/FreeRTOS/Source/timers.o
 .text.prvCheckForValidListAndQueue
                0x080037d0       0x80 ./Middlewares/Third_Party/FreeRTOS/Source/timers.o
 .text.pxPortInitialiseStack
                0x08003850       0x58 ./Middlewares/Third_Party/FreeRTOS/Source/portable/GCC/ARM_CM3/port.o
                0x08003850                pxPortInitialiseStack
 .text.prvTaskExitError
                0x080038a8       0x58 ./Middlewares/Third_Party/FreeRTOS/Source/portable/GCC/ARM_CM3/port.o
 .text.SVC_Handler
                0x08003900       0x28 ./Middlewares/Third_Party/FreeRTOS/Source/portable/GCC/ARM_CM3/port.o
                0x08003900                SVC_Handler
 .text.prvPortStartFirstTask
                0x08003928       0x20 ./Middlewares/Third_Party/FreeRTOS/Source/portable/GCC/ARM_CM3/port.o
 .text.xPortStartScheduler
                0x08003948       0xe4 ./Middlewares/Third_Party/FreeRTOS/Source/portable/GCC/ARM_CM3/port.o
                0x08003948                xPortStartScheduler
 .text.vPortEnterCritical
                0x08003a2c       0x60 ./Middlewares/Third_Party/FreeRTOS/Source/portable/GCC/ARM_CM3/port.o
                0x08003a2c                vPortEnterCritical
 .text.vPortExitCritical
                0x08003a8c       0x54 ./Middlewares/Third_Party/FreeRTOS/Source/portable/GCC/ARM_CM3/port.o
                0x08003a8c                vPortExitCritical
 .text.PendSV_Handler
                0x08003ae0       0x48 ./Middlewares/Third_Party/FreeRTOS/Source/portable/GCC/ARM_CM3/port.o
                0x08003ae0                PendSV_Handler
 .text.xPortSysTickHandler
                0x08003b28       0x44 ./Middlewares/Third_Party/FreeRTOS/Source/portable/GCC/ARM_CM3/port.o
                0x08003b28                xPortSysTickHandler
 .text.vPortSetupTimerInterrupt
                0x08003b6c       0x44 ./Middlewares/Third_Party/FreeRTOS/Source/portable/GCC/ARM_CM3/port.o
                0x08003b6c                vPortSetupTimerInterrupt
 .text.vPortValidateInterruptPriority
                0x08003bb0       0x80 ./Middlewares/Third_Party/FreeRTOS/Source/portable/GCC/ARM_CM3/port.o
                0x08003bb0                vPortValidateInterruptPriority
 .text.pvPortMalloc
                0x08003c30      0x19c ./Middlewares/Third_Party/FreeRTOS/Source/portable/MemMang/heap_4.o
                0x08003c30                pvPortMalloc
 .text.vPortFree
                0x08003dcc       0xc8 ./Middlewares/Third_Party/FreeRTOS/Source/portable/MemMang/heap_4.o
                0x08003dcc                vPortFree
 .text.prvHeapInit
                0x08003e94       0xc4 ./Middlewares/Third_Party/FreeRTOS/Source/portable/MemMang/heap_4.o
 .text.prvInsertBlockIntoFreeList
                0x08003f58       0xb0 ./Middlewares/Third_Party/FreeRTOS/Source/portable/MemMang/heap_4.o
 .text.memset   0x08004008       0x10 C:/Users/dangm/STM32CubeIDE_1.13.2/STM32CubeIDE/plugins/com.st.stm32cube.ide.mcu.externaltools.gnu-tools-for-stm32.13.3.rel1.win32_1.0.0.202411081344/tools/bin/../lib/gcc/arm-none-eabi/13.3.1/../../../../arm-none-eabi/lib/thumb/v7-m/nofp\libc_nano.a(libc_a-memset.o)
                0x08004008                memset
 .text.__libc_init_array
                0x08004018       0x48 C:/Users/dangm/STM32CubeIDE_1.13.2/STM32CubeIDE/plugins/com.st.stm32cube.ide.mcu.externaltools.gnu-tools-for-stm32.13.3.rel1.win32_1.0.0.202411081344/tools/bin/../lib/gcc/arm-none-eabi/13.3.1/../../../../arm-none-eabi/lib/thumb/v7-m/nofp\libc_nano.a(libc_a-init.o)
                0x08004018                __libc_init_array
 .text.memcpy   0x08004060       0x1c C:/Users/dangm/STM32CubeIDE_1.13.2/STM32CubeIDE/plugins/com.st.stm32cube.ide.mcu.externaltools.gnu-tools-for-stm32.13.3.rel1.win32_1.0.0.202411081344/tools/bin/../lib/gcc/arm-none-eabi/13.3.1/../../../../arm-none-eabi/lib/thumb/v7-m/nofp\libc_nano.a(libc_a-memcpy-stub.o)
                0x08004060                memcpy
 *(.glue_7)
 .glue_7        0x0800407c        0x0 linker stubs
 *(.glue_7t)
 .glue_7t       0x0800407c        0x0 linker stubs
 *(.eh_frame)
 .eh_frame      0x0800407c        0x0 C:/Users/dangm/STM32CubeIDE_1.13.2/STM32CubeIDE/plugins/com.st.stm32cube.ide.mcu.externaltools.gnu-tools-for-stm32.13.3.rel1.win32_1.0.0.202411081344/tools/bin/../lib/gcc/arm-none-eabi/13.3.1/thumb/v7-m/nofp/crtbegin.o
 *(.init)
 .init          0x0800407c        0x4 C:/Users/dangm/STM32CubeIDE_1.13.2/STM32CubeIDE/plugins/com.st.stm32cube.ide.mcu.externaltools.gnu-tools-for-stm32.13.3.rel1.win32_1.0.0.202411081344/tools/bin/../lib/gcc/arm-none-eabi/13.3.1/thumb/v7-m/nofp/crti.o
                0x0800407c                _init
 .init          0x08004080        0x8 C:/Users/dangm/STM32CubeIDE_1.13.2/STM32CubeIDE/plugins/com.st.stm32cube.ide.mcu.externaltools.gnu-tools-for-stm32.13.3.rel1.win32_1.0.0.202411081344/tools/bin/../lib/gcc/arm-none-eabi/13.3.1/thumb/v7-m/nofp/crtn.o
 *(.fini)
 .fini          0x08004088        0x4 C:/Users/dangm/STM32CubeIDE_1.13.2/STM32CubeIDE/plugins/com.st.stm32cube.ide.mcu.externaltools.gnu-tools-for-stm32.13.3.rel1.win32_1.0.0.202411081344/tools/bin/../lib/gcc/arm-none-eabi/13.3.1/thumb/v7-m/nofp/crti.o
                0x08004088                _fini
 .fini          0x0800408c        0x8 C:/Users/dangm/STM32CubeIDE_1.13.2/STM32CubeIDE/plugins/com.st.stm32cube.ide.mcu.externaltools.gnu-tools-for-stm32.13.3.rel1.win32_1.0.0.202411081344/tools/bin/../lib/gcc/arm-none-eabi/13.3.1/thumb/v7-m/nofp/crtn.o
                0x08004094                        . = ALIGN (0x4)
                0x08004094                        _etext = .

.vfp11_veneer   0x08004094        0x0
 .vfp11_veneer  0x08004094        0x0 linker stubs

.v4_bx          0x08004094        0x0
 .v4_bx         0x08004094        0x0 linker stubs

.iplt           0x08004094        0x0
 .iplt          0x08004094        0x0 C:/Users/dangm/STM32CubeIDE_1.13.2/STM32CubeIDE/plugins/com.st.stm32cube.ide.mcu.externaltools.gnu-tools-for-stm32.13.3.rel1.win32_1.0.0.202411081344/tools/bin/../lib/gcc/arm-none-eabi/13.3.1/thumb/v7-m/nofp/crtbegin.o

.rodata         0x08004094       0x44
                0x08004094                        . = ALIGN (0x4)
 *(.rodata)
 .rodata        0x08004094        0x6 ./Core/Src/mainMutexExam.o
 *fill*         0x0800409a        0x2 
 .rodata        0x0800409c        0x5 ./Middlewares/Third_Party/FreeRTOS/Source/tasks.o
 *fill*         0x080040a1        0x3 
 .rodata        0x080040a4        0xd ./Middlewares/Third_Party/FreeRTOS/Source/timers.o
 *(.rodata*)
 *fill*         0x080040b1        0x3 
 .rodata.AHBPrescTable
                0x080040b4       0x10 ./Core/Src/system_stm32f1xx.o
                0x080040b4                AHBPrescTable
 .rodata.aPLLMULFactorTable.1
                0x080040c4       0x10 ./Drivers/STM32F1xx_HAL_Driver/Src/stm32f1xx_hal_rcc.o
 .rodata.aPredivFactorTable.0
                0x080040d4        0x2 ./Drivers/STM32F1xx_HAL_Driver/Src/stm32f1xx_hal_rcc.o
                0x080040d8                        . = ALIGN (0x4)
 *fill*         0x080040d6        0x2 

.ARM.extab      0x080040d8        0x0
                0x080040d8                        . = ALIGN (0x4)
 *(.ARM.extab* .gnu.linkonce.armextab.*)
                0x080040d8                        . = ALIGN (0x4)

.ARM            0x080040d8        0x0
                0x080040d8                        . = ALIGN (0x4)
                0x080040d8                        __exidx_start = .
 *(.ARM.exidx*)
                0x080040d8                        __exidx_end = .
                0x080040d8                        . = ALIGN (0x4)

.preinit_array  0x080040d8        0x0
                0x080040d8                        . = ALIGN (0x4)
                0x080040d8                        PROVIDE (__preinit_array_start = .)
 *(.preinit_array*)
                0x080040d8                        PROVIDE (__preinit_array_end = .)
                0x080040d8                        . = ALIGN (0x4)

.init_array     0x080040d8        0x4
                0x080040d8                        . = ALIGN (0x4)
                0x080040d8                        PROVIDE (__init_array_start = .)
 *(SORT_BY_NAME(.init_array.*))
 *(.init_array*)
 .init_array    0x080040d8        0x4 C:/Users/dangm/STM32CubeIDE_1.13.2/STM32CubeIDE/plugins/com.st.stm32cube.ide.mcu.externaltools.gnu-tools-for-stm32.13.3.rel1.win32_1.0.0.202411081344/tools/bin/../lib/gcc/arm-none-eabi/13.3.1/thumb/v7-m/nofp/crtbegin.o
                0x080040dc                        PROVIDE (__init_array_end = .)
                0x080040dc                        . = ALIGN (0x4)

.fini_array     0x080040dc        0x4
                0x080040dc                        . = ALIGN (0x4)
                [!provide]                        PROVIDE (__fini_array_start = .)
 *(SORT_BY_NAME(.fini_array.*))
 *(.fini_array*)
 .fini_array    0x080040dc        0x4 C:/Users/dangm/STM32CubeIDE_1.13.2/STM32CubeIDE/plugins/com.st.stm32cube.ide.mcu.externaltools.gnu-tools-for-stm32.13.3.rel1.win32_1.0.0.202411081344/tools/bin/../lib/gcc/arm-none-eabi/13.3.1/thumb/v7-m/nofp/crtbegin.o
                [!provide]                        PROVIDE (__fini_array_end = .)
                0x080040e0                        . = ALIGN (0x4)
                0x080040e0                        _sidata = LOADADDR (.data)

.rel.dyn        0x080040e0        0x0
 .rel.iplt      0x080040e0        0x0 C:/Users/dangm/STM32CubeIDE_1.13.2/STM32CubeIDE/plugins/com.st.stm32cube.ide.mcu.externaltools.gnu-tools-for-stm32.13.3.rel1.win32_1.0.0.202411081344/tools/bin/../lib/gcc/arm-none-eabi/13.3.1/thumb/v7-m/nofp/crtbegin.o

.data           0x20000000       0x20 load address 0x080040e0
                0x20000000                        . = ALIGN (0x4)
                0x20000000                        _sdata = .
 *(.data)
 *(.data*)
 .data.SystemCoreClock
                0x20000000        0x4 ./Core/Src/system_stm32f1xx.o
                0x20000000                SystemCoreClock
 .data.GreenLED
                0x20000004        0x8 ./Core/__Driver_Layer/GPIO/My_Gpio.o
                0x20000004                GreenLED
 .data.RedLED   0x2000000c        0x8 ./Core/__Driver_Layer/GPIO/My_Gpio.o
                0x2000000c                RedLED
 .data.uwTickPrio
                0x20000014        0x4 ./Drivers/STM32F1xx_HAL_Driver/Src/stm32f1xx_hal.o
                0x20000014                uwTickPrio
 .data.uwTickFreq
                0x20000018        0x1 ./Drivers/STM32F1xx_HAL_Driver/Src/stm32f1xx_hal.o
                0x20000018                uwTickFreq
 *fill*         0x20000019        0x3 
 .data.uxCriticalNesting
                0x2000001c        0x4 ./Middlewares/Third_Party/FreeRTOS/Source/portable/GCC/ARM_CM3/port.o
 *(.RamFunc)
 *(.RamFunc*)
                0x20000020                        . = ALIGN (0x4)
                0x20000020                        _edata = .

.igot.plt       0x20000020        0x0 load address 0x08004100
 .igot.plt      0x20000020        0x0 C:/Users/dangm/STM32CubeIDE_1.13.2/STM32CubeIDE/plugins/com.st.stm32cube.ide.mcu.externaltools.gnu-tools-for-stm32.13.3.rel1.win32_1.0.0.202411081344/tools/bin/../lib/gcc/arm-none-eabi/13.3.1/thumb/v7-m/nofp/crtbegin.o
                0x20000020                        . = ALIGN (0x4)

.bss            0x20000020     0x1970 load address 0x08004100
                0x20000020                        _sbss = .
                0x20000020                        __bss_start__ = _sbss
 *(.bss)
 .bss           0x20000020       0x1c C:/Users/dangm/STM32CubeIDE_1.13.2/STM32CubeIDE/plugins/com.st.stm32cube.ide.mcu.externaltools.gnu-tools-for-stm32.13.3.rel1.win32_1.0.0.202411081344/tools/bin/../lib/gcc/arm-none-eabi/13.3.1/thumb/v7-m/nofp/crtbegin.o
 *(.bss*)
 .bss.MutexPtr  0x2000003c        0x4 ./Core/Src/mainMutexExam.o
                0x2000003c                MutexPtr
 .bss.uwTick    0x20000040        0x4 ./Drivers/STM32F1xx_HAL_Driver/Src/stm32f1xx_hal.o
                0x20000040                uwTick
 .bss.Idle_TCB.3
                0x20000044       0x5c ./Middlewares/Third_Party/FreeRTOS/Source/CMSIS_RTOS_V2/cmsis_os2.o
 .bss.Idle_Stack.2
                0x200000a0      0x200 ./Middlewares/Third_Party/FreeRTOS/Source/CMSIS_RTOS_V2/cmsis_os2.o
 .bss.Timer_TCB.1
                0x200002a0       0x5c ./Middlewares/Third_Party/FreeRTOS/Source/CMSIS_RTOS_V2/cmsis_os2.o
 .bss.Timer_Stack.0
                0x200002fc      0x400 ./Middlewares/Third_Party/FreeRTOS/Source/CMSIS_RTOS_V2/cmsis_os2.o
 .bss.xQueueRegistry
                0x200006fc       0x40 ./Middlewares/Third_Party/FreeRTOS/Source/queue.o
                0x200006fc                xQueueRegistry
 .bss.pxCurrentTCB
                0x2000073c        0x4 ./Middlewares/Third_Party/FreeRTOS/Source/tasks.o
                0x2000073c                pxCurrentTCB
 .bss.pxReadyTasksLists
                0x20000740      0x460 ./Middlewares/Third_Party/FreeRTOS/Source/tasks.o
 .bss.xDelayedTaskList1
                0x20000ba0       0x14 ./Middlewares/Third_Party/FreeRTOS/Source/tasks.o
 .bss.xDelayedTaskList2
                0x20000bb4       0x14 ./Middlewares/Third_Party/FreeRTOS/Source/tasks.o
 .bss.pxDelayedTaskList
                0x20000bc8        0x4 ./Middlewares/Third_Party/FreeRTOS/Source/tasks.o
 .bss.pxOverflowDelayedTaskList
                0x20000bcc        0x4 ./Middlewares/Third_Party/FreeRTOS/Source/tasks.o
 .bss.xPendingReadyList
                0x20000bd0       0x14 ./Middlewares/Third_Party/FreeRTOS/Source/tasks.o
 .bss.xTasksWaitingTermination
                0x20000be4       0x14 ./Middlewares/Third_Party/FreeRTOS/Source/tasks.o
 .bss.uxDeletedTasksWaitingCleanUp
                0x20000bf8        0x4 ./Middlewares/Third_Party/FreeRTOS/Source/tasks.o
 .bss.xSuspendedTaskList
                0x20000bfc       0x14 ./Middlewares/Third_Party/FreeRTOS/Source/tasks.o
 .bss.uxCurrentNumberOfTasks
                0x20000c10        0x4 ./Middlewares/Third_Party/FreeRTOS/Source/tasks.o
 .bss.xTickCount
                0x20000c14        0x4 ./Middlewares/Third_Party/FreeRTOS/Source/tasks.o
 .bss.uxTopReadyPriority
                0x20000c18        0x4 ./Middlewares/Third_Party/FreeRTOS/Source/tasks.o
 .bss.xSchedulerRunning
                0x20000c1c        0x4 ./Middlewares/Third_Party/FreeRTOS/Source/tasks.o
 .bss.xPendedTicks
                0x20000c20        0x4 ./Middlewares/Third_Party/FreeRTOS/Source/tasks.o
 .bss.xYieldPending
                0x20000c24        0x4 ./Middlewares/Third_Party/FreeRTOS/Source/tasks.o
 .bss.xNumOfOverflows
                0x20000c28        0x4 ./Middlewares/Third_Party/FreeRTOS/Source/tasks.o
 .bss.uxTaskNumber
                0x20000c2c        0x4 ./Middlewares/Third_Party/FreeRTOS/Source/tasks.o
 .bss.xNextTaskUnblockTime
                0x20000c30        0x4 ./Middlewares/Third_Party/FreeRTOS/Source/tasks.o
 .bss.xIdleTaskHandle
                0x20000c34        0x4 ./Middlewares/Third_Party/FreeRTOS/Source/tasks.o
 .bss.uxSchedulerSuspended
                0x20000c38        0x4 ./Middlewares/Third_Party/FreeRTOS/Source/tasks.o
 .bss.xActiveTimerList1
                0x20000c3c       0x14 ./Middlewares/Third_Party/FreeRTOS/Source/timers.o
 .bss.xActiveTimerList2
                0x20000c50       0x14 ./Middlewares/Third_Party/FreeRTOS/Source/timers.o
 .bss.pxCurrentTimerList
                0x20000c64        0x4 ./Middlewares/Third_Party/FreeRTOS/Source/timers.o
 .bss.pxOverflowTimerList
                0x20000c68        0x4 ./Middlewares/Third_Party/FreeRTOS/Source/timers.o
 .bss.xTimerQueue
                0x20000c6c        0x4 ./Middlewares/Third_Party/FreeRTOS/Source/timers.o
 .bss.xTimerTaskHandle
                0x20000c70        0x4 ./Middlewares/Third_Party/FreeRTOS/Source/timers.o
 .bss.xLastTime.2
                0x20000c74        0x4 ./Middlewares/Third_Party/FreeRTOS/Source/timers.o
 .bss.ucStaticTimerQueueStorage.1
                0x20000c78       0xa0 ./Middlewares/Third_Party/FreeRTOS/Source/timers.o
 .bss.xStaticTimerQueue.0
                0x20000d18       0x50 ./Middlewares/Third_Party/FreeRTOS/Source/timers.o
 .bss.ucMaxSysCallPriority
                0x20000d68        0x1 ./Middlewares/Third_Party/FreeRTOS/Source/portable/GCC/ARM_CM3/port.o
 *fill*         0x20000d69        0x3 
 .bss.ulMaxPRIGROUPValue
                0x20000d6c        0x4 ./Middlewares/Third_Party/FreeRTOS/Source/portable/GCC/ARM_CM3/port.o
 .bss.ucHeap    0x20000d70      0xc00 ./Middlewares/Third_Party/FreeRTOS/Source/portable/MemMang/heap_4.o
 .bss.xStart    0x20001970        0x8 ./Middlewares/Third_Party/FreeRTOS/Source/portable/MemMang/heap_4.o
 .bss.pxEnd     0x20001978        0x4 ./Middlewares/Third_Party/FreeRTOS/Source/portable/MemMang/heap_4.o
 .bss.xFreeBytesRemaining
                0x2000197c        0x4 ./Middlewares/Third_Party/FreeRTOS/Source/portable/MemMang/heap_4.o
 .bss.xMinimumEverFreeBytesRemaining
                0x20001980        0x4 ./Middlewares/Third_Party/FreeRTOS/Source/portable/MemMang/heap_4.o
 .bss.xNumberOfSuccessfulAllocations
                0x20001984        0x4 ./Middlewares/Third_Party/FreeRTOS/Source/portable/MemMang/heap_4.o
 .bss.xNumberOfSuccessfulFrees
                0x20001988        0x4 ./Middlewares/Third_Party/FreeRTOS/Source/portable/MemMang/heap_4.o
 .bss.xBlockAllocatedBit
                0x2000198c        0x4 ./Middlewares/Third_Party/FreeRTOS/Source/portable/MemMang/heap_4.o
 *(COMMON)
                0x20001990                        . = ALIGN (0x4)
                0x20001990                        _ebss = .
                0x20001990                        __bss_end__ = _ebss

._user_heap_stack
                0x20001990      0x600 load address 0x08004100
                0x20001990                        . = ALIGN (0x8)
                [!provide]                        PROVIDE (end = .)
                0x20001990                        PROVIDE (_end = .)
                0x20001b90                        . = (. + _Min_Heap_Size)
 *fill*         0x20001990      0x200 
                0x20001f90                        . = (. + _Min_Stack_Size)
 *fill*         0x20001b90      0x400 
                0x20001f90                        . = ALIGN (0x8)

/DISCARD/
 libc.a(*)
 libm.a(*)
 libgcc.a(*)

.ARM.attributes
                0x00000000       0x29
 *(.ARM.attributes)
 .ARM.attributes
                0x00000000       0x1d C:/Users/dangm/STM32CubeIDE_1.13.2/STM32CubeIDE/plugins/com.st.stm32cube.ide.mcu.externaltools.gnu-tools-for-stm32.13.3.rel1.win32_1.0.0.202411081344/tools/bin/../lib/gcc/arm-none-eabi/13.3.1/thumb/v7-m/nofp/crti.o
 .ARM.attributes
                0x0000001d       0x2d C:/Users/dangm/STM32CubeIDE_1.13.2/STM32CubeIDE/plugins/com.st.stm32cube.ide.mcu.externaltools.gnu-tools-for-stm32.13.3.rel1.win32_1.0.0.202411081344/tools/bin/../lib/gcc/arm-none-eabi/13.3.1/thumb/v7-m/nofp/crtbegin.o
 .ARM.attributes
                0x0000004a       0x2d ./Core/Src/mainMutexExam.o
 .ARM.attributes
                0x00000077       0x2d ./Core/Src/stm32f1xx_hal_msp.o
 .ARM.attributes
                0x000000a4       0x2d ./Core/Src/stm32f1xx_it.o
 .ARM.attributes
                0x000000d1       0x2d ./Core/Src/system_stm32f1xx.o
 .ARM.attributes
                0x000000fe       0x21 ./Core/Startup/startup_stm32f103c8tx.o
 .ARM.attributes
                0x0000011f       0x2d ./Core/__Driver_Layer/GPIO/Gpio_Config.o
 .ARM.attributes
                0x0000014c       0x2d ./Core/__Driver_Layer/GPIO/My_Gpio.o
 .ARM.attributes
                0x00000179       0x2d ./Drivers/STM32F1xx_HAL_Driver/Src/stm32f1xx_hal.o
 .ARM.attributes
                0x000001a6       0x2d ./Drivers/STM32F1xx_HAL_Driver/Src/stm32f1xx_hal_cortex.o
 .ARM.attributes
                0x000001d3       0x2d ./Drivers/STM32F1xx_HAL_Driver/Src/stm32f1xx_hal_gpio.o
 .ARM.attributes
                0x00000200       0x2d ./Drivers/STM32F1xx_HAL_Driver/Src/stm32f1xx_hal_rcc.o
 .ARM.attributes
                0x0000022d       0x2d ./Middlewares/Third_Party/FreeRTOS/Source/CMSIS_RTOS_V2/cmsis_os2.o
 .ARM.attributes
                0x0000025a       0x2d ./Middlewares/Third_Party/FreeRTOS/Source/list.o
 .ARM.attributes
                0x00000287       0x2d ./Middlewares/Third_Party/FreeRTOS/Source/queue.o
 .ARM.attributes
                0x000002b4       0x2d ./Middlewares/Third_Party/FreeRTOS/Source/tasks.o
 .ARM.attributes
                0x000002e1       0x2d ./Middlewares/Third_Party/FreeRTOS/Source/timers.o
 .ARM.attributes
                0x0000030e       0x2d ./Middlewares/Third_Party/FreeRTOS/Source/portable/GCC/ARM_CM3/port.o
 .ARM.attributes
                0x0000033b       0x2d ./Middlewares/Third_Party/FreeRTOS/Source/portable/MemMang/heap_4.o
 .ARM.attributes
                0x00000368       0x2d C:/Users/dangm/STM32CubeIDE_1.13.2/STM32CubeIDE/plugins/com.st.stm32cube.ide.mcu.externaltools.gnu-tools-for-stm32.13.3.rel1.win32_1.0.0.202411081344/tools/bin/../lib/gcc/arm-none-eabi/13.3.1/../../../../arm-none-eabi/lib/thumb/v7-m/nofp\libc_nano.a(libc_a-memset.o)
 .ARM.attributes
                0x00000395       0x2d C:/Users/dangm/STM32CubeIDE_1.13.2/STM32CubeIDE/plugins/com.st.stm32cube.ide.mcu.externaltools.gnu-tools-for-stm32.13.3.rel1.win32_1.0.0.202411081344/tools/bin/../lib/gcc/arm-none-eabi/13.3.1/../../../../arm-none-eabi/lib/thumb/v7-m/nofp\libc_nano.a(libc_a-init.o)
 .ARM.attributes
                0x000003c2       0x2d C:/Users/dangm/STM32CubeIDE_1.13.2/STM32CubeIDE/plugins/com.st.stm32cube.ide.mcu.externaltools.gnu-tools-for-stm32.13.3.rel1.win32_1.0.0.202411081344/tools/bin/../lib/gcc/arm-none-eabi/13.3.1/../../../../arm-none-eabi/lib/thumb/v7-m/nofp\libc_nano.a(libc_a-memcpy-stub.o)
 .ARM.attributes
                0x000003ef       0x1d C:/Users/dangm/STM32CubeIDE_1.13.2/STM32CubeIDE/plugins/com.st.stm32cube.ide.mcu.externaltools.gnu-tools-for-stm32.13.3.rel1.win32_1.0.0.202411081344/tools/bin/../lib/gcc/arm-none-eabi/13.3.1/thumb/v7-m/nofp/crtn.o
OUTPUT(Semaphore.elf elf32-littlearm)
LOAD linker stubs
LOAD C:/Users/dangm/STM32CubeIDE_1.13.2/STM32CubeIDE/plugins/com.st.stm32cube.ide.mcu.externaltools.gnu-tools-for-stm32.13.3.rel1.win32_1.0.0.202411081344/tools/bin/../lib/gcc/arm-none-eabi/13.3.1/../../../../arm-none-eabi/lib/thumb/v7-m/nofp\libc.a
LOAD C:/Users/dangm/STM32CubeIDE_1.13.2/STM32CubeIDE/plugins/com.st.stm32cube.ide.mcu.externaltools.gnu-tools-for-stm32.13.3.rel1.win32_1.0.0.202411081344/tools/bin/../lib/gcc/arm-none-eabi/13.3.1/../../../../arm-none-eabi/lib/thumb/v7-m/nofp\libm.a
LOAD C:/Users/dangm/STM32CubeIDE_1.13.2/STM32CubeIDE/plugins/com.st.stm32cube.ide.mcu.externaltools.gnu-tools-for-stm32.13.3.rel1.win32_1.0.0.202411081344/tools/bin/../lib/gcc/arm-none-eabi/13.3.1/thumb/v7-m/nofp\libgcc.a

.debug_info     0x00000000     0xc990
 .debug_info    0x00000000      0x7e5 ./Core/Src/mainMutexExam.o
 .debug_info    0x000007e5      0x361 ./Core/Src/stm32f1xx_hal_msp.o
 .debug_info    0x00000b46      0x11b ./Core/Src/stm32f1xx_it.o
 .debug_info    0x00000c61      0x222 ./Core/Src/system_stm32f1xx.o
 .debug_info    0x00000e83       0x30 ./Core/Startup/startup_stm32f103c8tx.o
 .debug_info    0x00000eb3      0x22c ./Core/__Driver_Layer/GPIO/Gpio_Config.o
 .debug_info    0x000010df      0x22c ./Core/__Driver_Layer/GPIO/My_Gpio.o
 .debug_info    0x0000130b      0x704 ./Drivers/STM32F1xx_HAL_Driver/Src/stm32f1xx_hal.o
 .debug_info    0x00001a0f      0xa87 ./Drivers/STM32F1xx_HAL_Driver/Src/stm32f1xx_hal_cortex.o
 .debug_info    0x00002496      0x5ab ./Drivers/STM32F1xx_HAL_Driver/Src/stm32f1xx_hal_gpio.o
 .debug_info    0x00002a41      0x7d5 ./Drivers/STM32F1xx_HAL_Driver/Src/stm32f1xx_hal_rcc.o
 .debug_info    0x00003216     0x3975 ./Middlewares/Third_Party/FreeRTOS/Source/CMSIS_RTOS_V2/cmsis_os2.o
 .debug_info    0x00006b8b      0x2af ./Middlewares/Third_Party/FreeRTOS/Source/list.o
 .debug_info    0x00006e3a     0x1b79 ./Middlewares/Third_Party/FreeRTOS/Source/queue.o
 .debug_info    0x000089b3     0x21ec ./Middlewares/Third_Party/FreeRTOS/Source/tasks.o
 .debug_info    0x0000ab9f     0x1488 ./Middlewares/Third_Party/FreeRTOS/Source/timers.o
 .debug_info    0x0000c027      0x494 ./Middlewares/Third_Party/FreeRTOS/Source/portable/GCC/ARM_CM3/port.o
 .debug_info    0x0000c4bb      0x4d5 ./Middlewares/Third_Party/FreeRTOS/Source/portable/MemMang/heap_4.o

.debug_abbrev   0x00000000     0x26de
 .debug_abbrev  0x00000000      0x2ce ./Core/Src/mainMutexExam.o
 .debug_abbrev  0x000002ce      0x11c ./Core/Src/stm32f1xx_hal_msp.o
 .debug_abbrev  0x000003ea       0xaa ./Core/Src/stm32f1xx_it.o
 .debug_abbrev  0x00000494      0x13f ./Core/Src/system_stm32f1xx.o
 .debug_abbrev  0x000005d3       0x24 ./Core/Startup/startup_stm32f103c8tx.o
 .debug_abbrev  0x000005f7      0x152 ./Core/__Driver_Layer/GPIO/Gpio_Config.o
 .debug_abbrev  0x00000749      0x11f ./Core/__Driver_Layer/GPIO/My_Gpio.o
 .debug_abbrev  0x00000868      0x201 ./Drivers/STM32F1xx_HAL_Driver/Src/stm32f1xx_hal.o
 .debug_abbrev  0x00000a69      0x2f8 ./Drivers/STM32F1xx_HAL_Driver/Src/stm32f1xx_hal_cortex.o
 .debug_abbrev  0x00000d61      0x1ca ./Drivers/STM32F1xx_HAL_Driver/Src/stm32f1xx_hal_gpio.o
 .debug_abbrev  0x00000f2b      0x2b3 ./Drivers/STM32F1xx_HAL_Driver/Src/stm32f1xx_hal_rcc.o
 .debug_abbrev  0x000011de      0x508 ./Middlewares/Third_Party/FreeRTOS/Source/CMSIS_RTOS_V2/cmsis_os2.o
 .debug_abbrev  0x000016e6       0xf5 ./Middlewares/Third_Party/FreeRTOS/Source/list.o
 .debug_abbrev  0x000017db      0x3b6 ./Middlewares/Third_Party/FreeRTOS/Source/queue.o
 .debug_abbrev  0x00001b91      0x386 ./Middlewares/Third_Party/FreeRTOS/Source/tasks.o
 .debug_abbrev  0x00001f17      0x352 ./Middlewares/Third_Party/FreeRTOS/Source/timers.o
 .debug_abbrev  0x00002269      0x258 ./Middlewares/Third_Party/FreeRTOS/Source/portable/GCC/ARM_CM3/port.o
 .debug_abbrev  0x000024c1      0x21d ./Middlewares/Third_Party/FreeRTOS/Source/portable/MemMang/heap_4.o

.debug_aranges  0x00000000      0xc78
 .debug_aranges
                0x00000000       0x70 ./Core/Src/mainMutexExam.o
 .debug_aranges
                0x00000070       0x20 ./Core/Src/stm32f1xx_hal_msp.o
 .debug_aranges
                0x00000090       0x50 ./Core/Src/stm32f1xx_it.o
 .debug_aranges
                0x000000e0       0x28 ./Core/Src/system_stm32f1xx.o
 .debug_aranges
                0x00000108       0x28 ./Core/Startup/startup_stm32f103c8tx.o
 .debug_aranges
                0x00000130       0x30 ./Core/__Driver_Layer/GPIO/Gpio_Config.o
 .debug_aranges
                0x00000160       0x48 ./Core/__Driver_Layer/GPIO/My_Gpio.o
 .debug_aranges
                0x000001a8       0xe0 ./Drivers/STM32F1xx_HAL_Driver/Src/stm32f1xx_hal.o
 .debug_aranges
                0x00000288      0x100 ./Drivers/STM32F1xx_HAL_Driver/Src/stm32f1xx_hal_cortex.o
 .debug_aranges
                0x00000388       0x58 ./Drivers/STM32F1xx_HAL_Driver/Src/stm32f1xx_hal_gpio.o
 .debug_aranges
                0x000003e0       0x90 ./Drivers/STM32F1xx_HAL_Driver/Src/stm32f1xx_hal_rcc.o
 .debug_aranges
                0x00000470      0x2a8 ./Middlewares/Third_Party/FreeRTOS/Source/CMSIS_RTOS_V2/cmsis_os2.o
 .debug_aranges
                0x00000718       0x40 ./Middlewares/Third_Party/FreeRTOS/Source/list.o
 .debug_aranges
                0x00000758      0x158 ./Middlewares/Third_Party/FreeRTOS/Source/queue.o
 .debug_aranges
                0x000008b0      0x208 ./Middlewares/Third_Party/FreeRTOS/Source/tasks.o
 .debug_aranges
                0x00000ab8       0xf0 ./Middlewares/Third_Party/FreeRTOS/Source/timers.o
 .debug_aranges
                0x00000ba8       0x78 ./Middlewares/Third_Party/FreeRTOS/Source/portable/GCC/ARM_CM3/port.o
 .debug_aranges
                0x00000c20       0x58 ./Middlewares/Third_Party/FreeRTOS/Source/portable/MemMang/heap_4.o

.debug_rnglists
                0x00000000      0x957
 .debug_rnglists
                0x00000000       0x50 ./Core/Src/mainMutexExam.o
 .debug_rnglists
                0x00000050       0x13 ./Core/Src/stm32f1xx_hal_msp.o
 .debug_rnglists
                0x00000063       0x37 ./Core/Src/stm32f1xx_it.o
 .debug_rnglists
                0x0000009a       0x1a ./Core/Src/system_stm32f1xx.o
 .debug_rnglists
                0x000000b4       0x19 ./Core/Startup/startup_stm32f103c8tx.o
 .debug_rnglists
                0x000000cd       0x1f ./Core/__Driver_Layer/GPIO/Gpio_Config.o
 .debug_rnglists
                0x000000ec       0x31 ./Core/__Driver_Layer/GPIO/My_Gpio.o
 .debug_rnglists
                0x0000011d       0xa3 ./Drivers/STM32F1xx_HAL_Driver/Src/stm32f1xx_hal.o
 .debug_rnglists
                0x000001c0       0xbb ./Drivers/STM32F1xx_HAL_Driver/Src/stm32f1xx_hal_cortex.o
 .debug_rnglists
                0x0000027b       0x3f ./Drivers/STM32F1xx_HAL_Driver/Src/stm32f1xx_hal_gpio.o
 .debug_rnglists
                0x000002ba       0x6c ./Drivers/STM32F1xx_HAL_Driver/Src/stm32f1xx_hal_rcc.o
 .debug_rnglists
                0x00000326      0x20c ./Middlewares/Third_Party/FreeRTOS/Source/CMSIS_RTOS_V2/cmsis_os2.o
 .debug_rnglists
                0x00000532       0x2b ./Middlewares/Third_Party/FreeRTOS/Source/list.o
 .debug_rnglists
                0x0000055d      0x109 ./Middlewares/Third_Party/FreeRTOS/Source/queue.o
 .debug_rnglists
                0x00000666      0x1a0 ./Middlewares/Third_Party/FreeRTOS/Source/tasks.o
 .debug_rnglists
                0x00000806       0xb8 ./Middlewares/Third_Party/FreeRTOS/Source/timers.o
 .debug_rnglists
                0x000008be       0x57 ./Middlewares/Third_Party/FreeRTOS/Source/portable/GCC/ARM_CM3/port.o
 .debug_rnglists
                0x00000915       0x42 ./Middlewares/Third_Party/FreeRTOS/Source/portable/MemMang/heap_4.o

.debug_macro    0x00000000     0x265b
 .debug_macro   0x00000000      0x242 ./Core/Src/mainMutexExam.o
 .debug_macro   0x00000242       0x87 ./Core/Src/mainMutexExam.o
 .debug_macro   0x000002c9       0x9a ./Core/Src/mainMutexExam.o
 .debug_macro   0x00000363       0x22 ./Core/Src/mainMutexExam.o
 .debug_macro   0x00000385       0x28 ./Core/Src/mainMutexExam.o
 .debug_macro   0x000003ad      0x18e ./Core/Src/stm32f1xx_hal_msp.o
 .debug_macro   0x0000053b      0x200 ./Core/Src/stm32f1xx_it.o
 .debug_macro   0x0000073b      0x130 ./Core/Src/stm32f1xx_it.o
 .debug_macro   0x0000086b      0x184 ./Core/Src/system_stm32f1xx.o
 .debug_macro   0x000009ef      0x197 ./Core/__Driver_Layer/GPIO/Gpio_Config.o
 .debug_macro   0x00000b86      0x1a6 ./Core/__Driver_Layer/GPIO/My_Gpio.o
 .debug_macro   0x00000d2c      0x1a8 ./Drivers/STM32F1xx_HAL_Driver/Src/stm32f1xx_hal.o
 .debug_macro   0x00000ed4      0x184 ./Drivers/STM32F1xx_HAL_Driver/Src/stm32f1xx_hal_cortex.o
 .debug_macro   0x00001058      0x1ef ./Drivers/STM32F1xx_HAL_Driver/Src/stm32f1xx_hal_gpio.o
 .debug_macro   0x00001247      0x196 ./Drivers/STM32F1xx_HAL_Driver/Src/stm32f1xx_hal_rcc.o
 .debug_macro   0x000013dd      0x380 ./Middlewares/Third_Party/FreeRTOS/Source/CMSIS_RTOS_V2/cmsis_os2.o
 .debug_macro   0x0000175d       0x10 ./Middlewares/Third_Party/FreeRTOS/Source/CMSIS_RTOS_V2/cmsis_os2.o
 .debug_macro   0x0000176d       0x20 ./Middlewares/Third_Party/FreeRTOS/Source/CMSIS_RTOS_V2/cmsis_os2.o
 .debug_macro   0x0000178d       0x10 ./Middlewares/Third_Party/FreeRTOS/Source/CMSIS_RTOS_V2/cmsis_os2.o
 .debug_macro   0x0000179d       0x74 ./Middlewares/Third_Party/FreeRTOS/Source/CMSIS_RTOS_V2/cmsis_os2.o
 .debug_macro   0x00001811       0xb7 ./Middlewares/Third_Party/FreeRTOS/Source/CMSIS_RTOS_V2/cmsis_os2.o
 .debug_macro   0x000018c8       0x91 ./Middlewares/Third_Party/FreeRTOS/Source/CMSIS_RTOS_V2/cmsis_os2.o
 .debug_macro   0x00001959       0x8d ./Middlewares/Third_Party/FreeRTOS/Source/CMSIS_RTOS_V2/cmsis_os2.o
 .debug_macro   0x000019e6       0x22 ./Middlewares/Third_Party/FreeRTOS/Source/CMSIS_RTOS_V2/cmsis_os2.o
 .debug_macro   0x00001a08       0x56 ./Middlewares/Third_Party/FreeRTOS/Source/CMSIS_RTOS_V2/cmsis_os2.o
 .debug_macro   0x00001a5e       0x28 ./Middlewares/Third_Party/FreeRTOS/Source/CMSIS_RTOS_V2/cmsis_os2.o
 .debug_macro   0x00001a86      0x187 ./Middlewares/Third_Party/FreeRTOS/Source/list.o
 .debug_macro   0x00001c0d      0x216 ./Middlewares/Third_Party/FreeRTOS/Source/queue.o
 .debug_macro   0x00001e23       0x16 ./Middlewares/Third_Party/FreeRTOS/Source/queue.o
 .debug_macro   0x00001e39      0x27f ./Middlewares/Third_Party/FreeRTOS/Source/tasks.o
 .debug_macro   0x000020b8       0x10 ./Middlewares/Third_Party/FreeRTOS/Source/tasks.o
 .debug_macro   0x000020c8      0x1dc ./Middlewares/Third_Party/FreeRTOS/Source/timers.o
 .debug_macro   0x000022a4       0x97 ./Middlewares/Third_Party/FreeRTOS/Source/timers.o
 .debug_macro   0x0000233b      0x172 ./Middlewares/Third_Party/FreeRTOS/Source/portable/GCC/ARM_CM3/port.o
 .debug_macro   0x000024ad      0x1ae ./Middlewares/Third_Party/FreeRTOS/Source/portable/MemMang/heap_4.o

.debug_line     0x00000000     0xded6
 .debug_line    0x00000000      0x9f0 ./Core/Src/mainMutexExam.o
 .debug_line    0x000009f0      0x6a9 ./Core/Src/stm32f1xx_hal_msp.o
 .debug_line    0x00001099      0x83f ./Core/Src/stm32f1xx_it.o
 .debug_line    0x000018d8      0x726 ./Core/Src/system_stm32f1xx.o
 .debug_line    0x00001ffe       0x78 ./Core/Startup/startup_stm32f103c8tx.o
 .debug_line    0x00002076      0x6fa ./Core/__Driver_Layer/GPIO/Gpio_Config.o
 .debug_line    0x00002770      0x740 ./Core/__Driver_Layer/GPIO/My_Gpio.o
 .debug_line    0x00002eb0      0x957 ./Drivers/STM32F1xx_HAL_Driver/Src/stm32f1xx_hal.o
 .debug_line    0x00003807      0xb21 ./Drivers/STM32F1xx_HAL_Driver/Src/stm32f1xx_hal_cortex.o
 .debug_line    0x00004328      0x9b4 ./Drivers/STM32F1xx_HAL_Driver/Src/stm32f1xx_hal_gpio.o
 .debug_line    0x00004cdc      0xe10 ./Drivers/STM32F1xx_HAL_Driver/Src/stm32f1xx_hal_rcc.o
 .debug_line    0x00005aec     0x2547 ./Middlewares/Third_Party/FreeRTOS/Source/CMSIS_RTOS_V2/cmsis_os2.o
 .debug_line    0x00008033      0x872 ./Middlewares/Third_Party/FreeRTOS/Source/list.o
 .debug_line    0x000088a5     0x17e3 ./Middlewares/Third_Party/FreeRTOS/Source/queue.o
 .debug_line    0x0000a088     0x1d66 ./Middlewares/Third_Party/FreeRTOS/Source/tasks.o
 .debug_line    0x0000bdee      0xeb2 ./Middlewares/Third_Party/FreeRTOS/Source/timers.o
 .debug_line    0x0000cca0      0x7ae ./Middlewares/Third_Party/FreeRTOS/Source/portable/GCC/ARM_CM3/port.o
 .debug_line    0x0000d44e      0xa88 ./Middlewares/Third_Party/FreeRTOS/Source/portable/MemMang/heap_4.o

.debug_str      0x00000000    0x89064
 .debug_str     0x00000000    0x89064 ./Core/Src/mainMutexExam.o
                              0x8011a (size before relaxing)
 .debug_str     0x00089064    0x7b0dc ./Core/Src/stm32f1xx_hal_msp.o
 .debug_str     0x00089064    0x7eb21 ./Core/Src/stm32f1xx_it.o
 .debug_str     0x00089064    0x7ae13 ./Core/Src/system_stm32f1xx.o
 .debug_str     0x00089064       0x85 ./Core/Startup/startup_stm32f103c8tx.o
 .debug_str     0x00089064    0x7ae82 ./Core/__Driver_Layer/GPIO/Gpio_Config.o
 .debug_str     0x00089064    0x7af1b ./Core/__Driver_Layer/GPIO/My_Gpio.o
 .debug_str     0x00089064    0x7b546 ./Drivers/STM32F1xx_HAL_Driver/Src/stm32f1xx_hal.o
 .debug_str     0x00089064    0x7b492 ./Drivers/STM32F1xx_HAL_Driver/Src/stm32f1xx_hal_cortex.o
 .debug_str     0x00089064    0x7b199 ./Drivers/STM32F1xx_HAL_Driver/Src/stm32f1xx_hal_gpio.o
 .debug_str     0x00089064    0x7b242 ./Drivers/STM32F1xx_HAL_Driver/Src/stm32f1xx_hal_rcc.o
 .debug_str     0x00089064    0x859dd ./Middlewares/Third_Party/FreeRTOS/Source/CMSIS_RTOS_V2/cmsis_os2.o
 .debug_str     0x00089064     0xab0a ./Middlewares/Third_Party/FreeRTOS/Source/list.o
 .debug_str     0x00089064     0xc64a ./Middlewares/Third_Party/FreeRTOS/Source/queue.o
 .debug_str     0x00089064     0xd107 ./Middlewares/Third_Party/FreeRTOS/Source/tasks.o
 .debug_str     0x00089064     0xcb7c ./Middlewares/Third_Party/FreeRTOS/Source/timers.o
 .debug_str     0x00089064     0x85b0 ./Middlewares/Third_Party/FreeRTOS/Source/portable/GCC/ARM_CM3/port.o
 .debug_str     0x00089064     0xb44c ./Middlewares/Third_Party/FreeRTOS/Source/portable/MemMang/heap_4.o

.comment        0x00000000       0x43
 .comment       0x00000000       0x43 ./Core/Src/mainMutexExam.o
                                 0x44 (size before relaxing)
 .comment       0x00000043       0x44 ./Core/Src/stm32f1xx_hal_msp.o
 .comment       0x00000043       0x44 ./Core/Src/stm32f1xx_it.o
 .comment       0x00000043       0x44 ./Core/Src/system_stm32f1xx.o
 .comment       0x00000043       0x44 ./Core/__Driver_Layer/GPIO/Gpio_Config.o
 .comment       0x00000043       0x44 ./Core/__Driver_Layer/GPIO/My_Gpio.o
 .comment       0x00000043       0x44 ./Drivers/STM32F1xx_HAL_Driver/Src/stm32f1xx_hal.o
 .comment       0x00000043       0x44 ./Drivers/STM32F1xx_HAL_Driver/Src/stm32f1xx_hal_cortex.o
 .comment       0x00000043       0x44 ./Drivers/STM32F1xx_HAL_Driver/Src/stm32f1xx_hal_gpio.o
 .comment       0x00000043       0x44 ./Drivers/STM32F1xx_HAL_Driver/Src/stm32f1xx_hal_rcc.o
 .comment       0x00000043       0x44 ./Middlewares/Third_Party/FreeRTOS/Source/CMSIS_RTOS_V2/cmsis_os2.o
 .comment       0x00000043       0x44 ./Middlewares/Third_Party/FreeRTOS/Source/list.o
 .comment       0x00000043       0x44 ./Middlewares/Third_Party/FreeRTOS/Source/queue.o
 .comment       0x00000043       0x44 ./Middlewares/Third_Party/FreeRTOS/Source/tasks.o
 .comment       0x00000043       0x44 ./Middlewares/Third_Party/FreeRTOS/Source/timers.o
 .comment       0x00000043       0x44 ./Middlewares/Third_Party/FreeRTOS/Source/portable/GCC/ARM_CM3/port.o
 .comment       0x00000043       0x44 ./Middlewares/Third_Party/FreeRTOS/Source/portable/MemMang/heap_4.o

.debug_frame    0x00000000     0x3178
 .debug_frame   0x00000000      0x180 ./Core/Src/mainMutexExam.o
 .debug_frame   0x00000180       0x34 ./Core/Src/stm32f1xx_hal_msp.o
 .debug_frame   0x000001b4       0xc4 ./Core/Src/stm32f1xx_it.o
 .debug_frame   0x00000278       0x58 ./Core/Src/system_stm32f1xx.o
 .debug_frame   0x000002d0       0x7c ./Core/__Driver_Layer/GPIO/Gpio_Config.o
 .debug_frame   0x0000034c       0xb8 ./Core/__Driver_Layer/GPIO/My_Gpio.o
 .debug_frame   0x00000404      0x334 ./Drivers/STM32F1xx_HAL_Driver/Src/stm32f1xx_hal.o
 .debug_frame   0x00000738      0x428 ./Drivers/STM32F1xx_HAL_Driver/Src/stm32f1xx_hal_cortex.o
 .debug_frame   0x00000b60      0x14c ./Drivers/STM32F1xx_HAL_Driver/Src/stm32f1xx_hal_gpio.o
 .debug_frame   0x00000cac      0x218 ./Drivers/STM32F1xx_HAL_Driver/Src/stm32f1xx_hal_rcc.o
 .debug_frame   0x00000ec4      0xbc8 ./Middlewares/Third_Party/FreeRTOS/Source/CMSIS_RTOS_V2/cmsis_os2.o
 .debug_frame   0x00001a8c       0xd8 ./Middlewares/Third_Party/FreeRTOS/Source/list.o
 .debug_frame   0x00001b64      0x5ec ./Middlewares/Third_Party/FreeRTOS/Source/queue.o
 .debug_frame   0x00002150      0x8f0 ./Middlewares/Third_Party/FreeRTOS/Source/tasks.o
 .debug_frame   0x00002a40      0x400 ./Middlewares/Third_Party/FreeRTOS/Source/timers.o
 .debug_frame   0x00002e40      0x198 ./Middlewares/Third_Party/FreeRTOS/Source/portable/GCC/ARM_CM3/port.o
 .debug_frame   0x00002fd8      0x12c ./Middlewares/Third_Party/FreeRTOS/Source/portable/MemMang/heap_4.o
 .debug_frame   0x00003104       0x20 C:/Users/dangm/STM32CubeIDE_1.13.2/STM32CubeIDE/plugins/com.st.stm32cube.ide.mcu.externaltools.gnu-tools-for-stm32.13.3.rel1.win32_1.0.0.202411081344/tools/bin/../lib/gcc/arm-none-eabi/13.3.1/../../../../arm-none-eabi/lib/thumb/v7-m/nofp\libc_nano.a(libc_a-memset.o)
 .debug_frame   0x00003124       0x2c C:/Users/dangm/STM32CubeIDE_1.13.2/STM32CubeIDE/plugins/com.st.stm32cube.ide.mcu.externaltools.gnu-tools-for-stm32.13.3.rel1.win32_1.0.0.202411081344/tools/bin/../lib/gcc/arm-none-eabi/13.3.1/../../../../arm-none-eabi/lib/thumb/v7-m/nofp\libc_nano.a(libc_a-init.o)
 .debug_frame   0x00003150       0x28 C:/Users/dangm/STM32CubeIDE_1.13.2/STM32CubeIDE/plugins/com.st.stm32cube.ide.mcu.externaltools.gnu-tools-for-stm32.13.3.rel1.win32_1.0.0.202411081344/tools/bin/../lib/gcc/arm-none-eabi/13.3.1/../../../../arm-none-eabi/lib/thumb/v7-m/nofp\libc_nano.a(libc_a-memcpy-stub.o)

.debug_line_str
                0x00000000       0x69
 .debug_line_str
                0x00000000       0x69 ./Core/Startup/startup_stm32f103c8tx.o
