23:06:37 **** Incremental Build of configuration Debug for project Semaphore ****
make -j8 all 
arm-none-eabi-gcc "../Core/Src/mainPollExample.c" -mcpu=cortex-m3 -std=gnu11 -g3 -DDEBUG -DUSE_HAL_DRIVER -DSTM32F103xB -c -I../Core/Inc -I../Drivers/STM32F1xx_HAL_Driver/Inc/Legacy -I../Drivers/STM32F1xx_HAL_Driver/Inc -I../Drivers/CMSIS/Device/ST/STM32F1xx/Include -I../Drivers/CMSIS/Include -I../Middlewares/Third_Party/FreeRTOS/Source/include -I../Middlewares/Third_Party/FreeRTOS/Source/CMSIS_RTOS_V2 -I../Middlewares/Third_Party/FreeRTOS/Source/portable/GCC/ARM_CM3 -O0 -ffunction-sections -fdata-sections -Wall -fstack-usage -fcyclomatic-complexity -MMD -MP -MF"Core/Src/mainPollExample.d" -MT"Core/Src/mainPollExample.o" --specs=nano.specs -mfloat-abi=soft -mthumb -o "Core/Src/mainPollExample.o"
../Core/Src/mainPollExample.c: In function 'LookBusy':
../Core/Src/mainPollExample.c:126:27: warning: variable 'dontCare' set but not used [-Wunused-but-set-variable]
  126 |         volatile uint32_t dontCare = 0;
      |                           ^~~~~~~~
arm-none-eabi-gcc -o "Semaphore.elf" @"objects.list"   -mcpu=cortex-m3 -T"C:\Users\dangm\OneDrive\Documents\STM32\FreeRTOS\Semaphore\STM32F103C8TX_FLASH.ld" --specs=nosys.specs -Wl,-Map="Semaphore.map" -Wl,--gc-sections -static --specs=nano.specs -mfloat-abi=soft -mthumb -Wl,--start-group -lc -lm -Wl,--end-group
Finished building target: Semaphore.elf
 
arm-none-eabi-size  Semaphore.elf 
arm-none-eabi-objdump -h -S Semaphore.elf  > "Semaphore.list"
   text	   data	    bss	    dec	    hex	filename
  15248	     16	   8056	  23320	   5b18	Semaphore.elf
Finished building: default.size.stdout
 
Finished building: Semaphore.list
 
