21:51:19 **** Incremental Build of configuration Debug for project Queue ****
make -j8 all 
arm-none-eabi-gcc "../Core/Src/mainTaskNotification.c" -mcpu=cortex-m3 -std=gnu11 -g3 -DDEBUG -DUSE_HAL_DRIVER -DSTM32F103xB -c -I../Core/Inc -I../Drivers/STM32F1xx_HAL_Driver/Inc/Legacy -I../Drivers/STM32F1xx_HAL_Driver/Inc -I../Drivers/CMSIS/Device/ST/STM32F1xx/Include -I../Drivers/CMSIS/Include -I../Middlewares/Third_Party/FreeRTOS/Source/include -I../Middlewares/Third_Party/FreeRTOS/Source/CMSIS_RTOS_V2 -I../Middlewares/Third_Party/FreeRTOS/Source/portable/GCC/ARM_CM3 -O0 -ffunction-sections -fdata-sections -Wall -fstack-usage -fcyclomatic-complexity -MMD -MP -MF"Core/Src/mainTaskNotification.d" -MT"Core/Src/mainTaskNotification.o" --specs=nano.specs -mfloat-abi=soft -mthumb -o "Core/Src/mainTaskNotification.o"
arm-none-eabi-gcc -o "Queue.elf" @"objects.list"   -mcpu=cortex-m3 -T"C:\Users\dangm\OneDrive\Documents\STM32\FreeRTOS\Queue\STM32F103C8TX_FLASH.ld" --specs=nosys.specs -Wl,-Map="Queue.map" -Wl,--gc-sections -static --specs=nano.specs -mfloat-abi=soft -mthumb -Wl,--start-group -lc -lm -Wl,--end-group
Finished building target: Queue.elf
 
arm-none-eabi-size  Queue.elf 
arm-none-eabi-objdump -h -S Queue.elf  > "Queue.list"
   text	   data	    bss	    dec	    hex	filename
   8888	     40	   5944	  14872	   3a18	Queue.elf
Finished building: default.size.stdout
 
Finished building: Queue.list
 

21:51:20 Build Finished. 0 errors, 0 warnings. (took 1s.420ms)

